--- Starting Router Verification ---

Testing Query: "What is the capital of France?"
--- ROUTER AI PROMPT START ---
System Prompt: Router.Select:[gemini-2.5-flash, gpt-4o-mini, deepseek-v3, qwen].Signals:Cmplx(simple|complex)Type(text|math|code|info|creative|trans)Prec(low|med|high).Traits:gemini-flash(fact/trig/cheap)gpt-4o-mini(gen/stable)deepseek(calc/logic)qwen(code/cost)gemini-pro(reason).Rules:Simple=cheap;Complex=reason;Math+Simple=flash;Math+Complex=deepseek;Code=qwen;Info=flash;Creative=4o-mini/flash;Trans=flash;HiPrec=4o-mini/deepseek.AntiBias:Vary.JSON:{"model":"name"}
User Query: What is the capital of France?
--- ROUTER AI PROMPT END ---
[36minfo[39m: [EnhancedRouterService] Sending prompt to Router AI {"environment":"development","service":"ai-agent-platform","systemPrompt":"Router.Select:[gemini-2.5-flash, gpt-4o-mini, deepseek-v3, qwen].Signals:Cmplx(simple|complex)Type(text|math|code|info|creative|trans)Prec(low|med|high).Traits:gemini-flash(fact/trig/cheap)gpt-4o-mini(gen/stable)deepseek(calc/logic)qwen(code/cost)gemini-pro(reason).Rules:Simple=cheap;Complex=reason;Math+Simple=flash;Math+Complex=deepseek;Code=qwen;Info=flash;Creative=4o-mini/flash;Trans=flash;HiPrec=4o-mini/deepseek.AntiBias:Vary.JSON:{\"model\":\"name\"}","timestamp":"22:51:59","userQuery":"What is the capital of France?","version":"1.0.0"}
[36minfo[39m: [EnhancedRouterService] Routing decision {"duration":1759,"environment":"development","plan":"free","query":"What is the capital of France?...","rawOutput":"{\"model\":\"gemini-2.5-flash\"}","selectedModel":"gemini-2.5-flash","service":"ai-agent-platform","timestamp":"22:52:01","version":"1.0.0"}
   > Service Decision: gemini-2.5-flash
--- ROUTER AI PROMPT START ---
System Prompt: Router.Select:[gemini-2.5-flash, gpt-4o-mini, deepseek-v3, qwen].Signals:Cmplx(simple|complex)Type(text|math|code|info|creative|trans)Prec(low|med|high).Traits:gemini-flash(fact/trig/cheap)gpt-4o-mini(gen/stable)deepseek(calc/logic)qwen(code/cost)gemini-pro(reason).Rules:Simple=cheap;Complex=reason;Math+Simple=flash;Math+Complex=deepseek;Code=qwen;Info=flash;Creative=4o-mini/flash;Trans=flash;HiPrec=4o-mini/deepseek.AntiBias:Vary.JSON:{"model":"name"}
User Query: What is the capital of France?
--- ROUTER AI PROMPT END ---
[36minfo[39m: [EnhancedRouterService] Sending prompt to Router AI {"environment":"development","service":"ai-agent-platform","systemPrompt":"Router.Select:[gemini-2.5-flash, gpt-4o-mini, deepseek-v3, qwen].Signals:Cmplx(simple|complex)Type(text|math|code|info|creative|trans)Prec(low|med|high).Traits:gemini-flash(fact/trig/cheap)gpt-4o-mini(gen/stable)deepseek(calc/logic)qwen(code/cost)gemini-pro(reason).Rules:Simple=cheap;Complex=reason;Math+Simple=flash;Math+Complex=deepseek;Code=qwen;Info=flash;Creative=4o-mini/flash;Trans=flash;HiPrec=4o-mini/deepseek.AntiBias:Vary.JSON:{\"model\":\"name\"}","timestamp":"22:52:01","userQuery":"What is the capital of France?","version":"1.0.0"}
[36minfo[39m: [EnhancedRouterService] Routing decision {"duration":730,"environment":"development","plan":"free","query":"What is the capital of France?...","rawOutput":"{\"model\":\"gemini-2.5-flash\"}","selectedModel":"gemini-2.5-flash","service":"ai-agent-platform","timestamp":"22:52:02","version":"1.0.0"}
[36minfo[39m: ≡ƒ¢ú∩╕Å AI Router Decision: free user -> gemini-2.5-flash {"environment":"development","service":"ai-agent-platform","timestamp":"22:52:02","version":"1.0.0"}
   > Router Result: gemini-2.5-flash
   > Fallbacks: ["gpt-4o-mini"]
Γ£à PASS: Model selected

Testing Query: "Write a Python script to scrape a website using BeautifulSoup."
--- ROUTER AI PROMPT START ---
System Prompt: Router.Select:[gemini-2.5-flash, gpt-4o-mini, deepseek-v3, qwen].Signals:Cmplx(simple|complex)Type(text|math|code|info|creative|trans)Prec(low|med|high).Traits:gemini-flash(fact/trig/cheap)gpt-4o-mini(gen/stable)deepseek(calc/logic)qwen(code/cost)gemini-pro(reason).Rules:Simple=cheap;Complex=reason;Math+Simple=flash;Math+Complex=deepseek;Code=qwen;Info=flash;Creative=4o-mini/flash;Trans=flash;HiPrec=4o-mini/deepseek.AntiBias:Vary.JSON:{"model":"name"}
User Query: Write a Python script to scrape a website using BeautifulSoup.
--- ROUTER AI PROMPT END ---
[36minfo[39m: [EnhancedRouterService] Sending prompt to Router AI {"environment":"development","service":"ai-agent-platform","systemPrompt":"Router.Select:[gemini-2.5-flash, gpt-4o-mini, deepseek-v3, qwen].Signals:Cmplx(simple|complex)Type(text|math|code|info|creative|trans)Prec(low|med|high).Traits:gemini-flash(fact/trig/cheap)gpt-4o-mini(gen/stable)deepseek(calc/logic)qwen(code/cost)gemini-pro(reason).Rules:Simple=cheap;Complex=reason;Math+Simple=flash;Math+Complex=deepseek;Code=qwen;Info=flash;Creative=4o-mini/flash;Trans=flash;HiPrec=4o-mini/deepseek.AntiBias:Vary.JSON:{\"model\":\"name\"}","timestamp":"22:52:02","userQuery":"Write a Python script to scrape a website using BeautifulSoup.","version":"1.0.0"}
[33mwarn[39m: [EnhancedRouterService] Failed to parse JSON output {"environment":"development","service":"ai-agent-platform","timestamp":"22:52:03","version":"1.0.0"}
[36minfo[39m: [EnhancedRouterService] Routing decision {"duration":1027,"environment":"development","plan":"free","query":"Write a Python script to scrape a website using Be...","rawOutput":"","selectedModel":"gemini-2.5-flash","service":"ai-agent-platform","timestamp":"22:52:03","version":"1.0.0"}
   > Service Decision: gemini-2.5-flash
--- ROUTER AI PROMPT START ---
System Prompt: Router.Select:[gemini-2.5-flash, gpt-4o-mini, deepseek-v3, qwen].Signals:Cmplx(simple|complex)Type(text|math|code|info|creative|trans)Prec(low|med|high).Traits:gemini-flash(fact/trig/cheap)gpt-4o-mini(gen/stable)deepseek(calc/logic)qwen(code/cost)gemini-pro(reason).Rules:Simple=cheap;Complex=reason;Math+Simple=flash;Math+Complex=deepseek;Code=qwen;Info=flash;Creative=4o-mini/flash;Trans=flash;HiPrec=4o-mini/deepseek.AntiBias:Vary.JSON:{"model":"name"}
User Query: Write a Python script to scrape a website using BeautifulSoup.
--- ROUTER AI PROMPT END ---
[36minfo[39m: [EnhancedRouterService] Sending prompt to Router AI {"environment":"development","service":"ai-agent-platform","systemPrompt":"Router.Select:[gemini-2.5-flash, gpt-4o-mini, deepseek-v3, qwen].Signals:Cmplx(simple|complex)Type(text|math|code|info|creative|trans)Prec(low|med|high).Traits:gemini-flash(fact/trig/cheap)gpt-4o-mini(gen/stable)deepseek(calc/logic)qwen(code/cost)gemini-pro(reason).Rules:Simple=cheap;Complex=reason;Math+Simple=flash;Math+Complex=deepseek;Code=qwen;Info=flash;Creative=4o-mini/flash;Trans=flash;HiPrec=4o-mini/deepseek.AntiBias:Vary.JSON:{\"model\":\"name\"}","timestamp":"22:52:03","userQuery":"Write a Python script to scrape a website using BeautifulSoup.","version":"1.0.0"}
[33mwarn[39m: [EnhancedRouterService] Failed to parse JSON output {"environment":"development","service":"ai-agent-platform","timestamp":"22:52:04","version":"1.0.0"}
[36minfo[39m: [EnhancedRouterService] Routing decision {"duration":718,"environment":"development","plan":"free","query":"Write a Python script to scrape a website using Be...","rawOutput":"","selectedModel":"gemini-2.5-flash","service":"ai-agent-platform","timestamp":"22:52:04","version":"1.0.0"}
[36minfo[39m: ≡ƒ¢ú∩╕Å AI Router Decision: free user -> gemini-2.5-flash {"environment":"development","service":"ai-agent-platform","timestamp":"22:52:04","version":"1.0.0"}
   > Router Result: gemini-2.5-flash
   > Fallbacks: ["gpt-4o-mini"]
Γ£à PASS: Model selected

Testing Query: "Explain the theory of relativity in simple terms."
--- ROUTER AI PROMPT START ---
System Prompt: Router.Select:[gemini-2.5-flash, gpt-4o-mini, deepseek-v3, qwen].Signals:Cmplx(simple|complex)Type(text|math|code|info|creative|trans)Prec(low|med|high).Traits:gemini-flash(fact/trig/cheap)gpt-4o-mini(gen/stable)deepseek(calc/logic)qwen(code/cost)gemini-pro(reason).Rules:Simple=cheap;Complex=reason;Math+Simple=flash;Math+Complex=deepseek;Code=qwen;Info=flash;Creative=4o-mini/flash;Trans=flash;HiPrec=4o-mini/deepseek.AntiBias:Vary.JSON:{"model":"name"}
User Query: Explain the theory of relativity in simple terms.
--- ROUTER AI PROMPT END ---
[36minfo[39m: [EnhancedRouterService] Sending prompt to Router AI {"environment":"development","service":"ai-agent-platform","systemPrompt":"Router.Select:[gemini-2.5-flash, gpt-4o-mini, deepseek-v3, qwen].Signals:Cmplx(simple|complex)Type(text|math|code|info|creative|trans)Prec(low|med|high).Traits:gemini-flash(fact/trig/cheap)gpt-4o-mini(gen/stable)deepseek(calc/logic)qwen(code/cost)gemini-pro(reason).Rules:Simple=cheap;Complex=reason;Math+Simple=flash;Math+Complex=deepseek;Code=qwen;Info=flash;Creative=4o-mini/flash;Trans=flash;HiPrec=4o-mini/deepseek.AntiBias:Vary.JSON:{\"model\":\"name\"}","timestamp":"22:52:04","userQuery":"Explain the theory of relativity in simple terms.","version":"1.0.0"}
[33mwarn[39m: [EnhancedRouterService] Failed to parse JSON output {"environment":"development","service":"ai-agent-platform","timestamp":"22:52:05","version":"1.0.0"}
[36minfo[39m: [EnhancedRouterService] Routing decision {"duration":1328,"environment":"development","plan":"free","query":"Explain the theory of relativity in simple terms....","rawOutput":"{\"model\":\"gpt-","selectedModel":"gemini-2.5-flash","service":"ai-agent-platform","timestamp":"22:52:05","version":"1.0.0"}
   > Service Decision: gemini-2.5-flash
--- ROUTER AI PROMPT START ---
System Prompt: Router.Select:[gemini-2.5-flash, gpt-4o-mini, deepseek-v3, qwen].Signals:Cmplx(simple|complex)Type(text|math|code|info|creative|trans)Prec(low|med|high).Traits:gemini-flash(fact/trig/cheap)gpt-4o-mini(gen/stable)deepseek(calc/logic)qwen(code/cost)gemini-pro(reason).Rules:Simple=cheap;Complex=reason;Math+Simple=flash;Math+Complex=deepseek;Code=qwen;Info=flash;Creative=4o-mini/flash;Trans=flash;HiPrec=4o-mini/deepseek.AntiBias:Vary.JSON:{"model":"name"}
User Query: Explain the theory of relativity in simple terms.
--- ROUTER AI PROMPT END ---
[36minfo[39m: [EnhancedRouterService] Sending prompt to Router AI {"environment":"development","service":"ai-agent-platform","systemPrompt":"Router.Select:[gemini-2.5-flash, gpt-4o-mini, deepseek-v3, qwen].Signals:Cmplx(simple|complex)Type(text|math|code|info|creative|trans)Prec(low|med|high).Traits:gemini-flash(fact/trig/cheap)gpt-4o-mini(gen/stable)deepseek(calc/logic)qwen(code/cost)gemini-pro(reason).Rules:Simple=cheap;Complex=reason;Math+Simple=flash;Math+Complex=deepseek;Code=qwen;Info=flash;Creative=4o-mini/flash;Trans=flash;HiPrec=4o-mini/deepseek.AntiBias:Vary.JSON:{\"model\":\"name\"}","timestamp":"22:52:05","userQuery":"Explain the theory of relativity in simple terms.","version":"1.0.0"}
[33mwarn[39m: [EnhancedRouterService] Failed to parse JSON output {"environment":"development","service":"ai-agent-platform","timestamp":"22:52:06","version":"1.0.0"}
[36minfo[39m: [EnhancedRouterService] Routing decision {"duration":1472,"environment":"development","plan":"free","query":"Explain the theory of relativity in simple terms....","rawOutput":"{\"model\":\"gpt-4","selectedModel":"gemini-2.5-flash","service":"ai-agent-platform","timestamp":"22:52:06","version":"1.0.0"}
[36minfo[39m: ≡ƒ¢ú∩╕Å AI Router Decision: free user -> gemini-2.5-flash {"environment":"development","service":"ai-agent-platform","timestamp":"22:52:06","version":"1.0.0"}
   > Router Result: gemini-2.5-flash
   > Fallbacks: ["gpt-4o-mini"]
Γ£à PASS: Model selected

Testing Query: "Calculate the derivative of x^2 + 3x."
--- ROUTER AI PROMPT START ---
System Prompt: Router.Select:[gemini-2.5-flash, gpt-4o-mini, deepseek-v3, qwen].Signals:Cmplx(simple|complex)Type(text|math|code|info|creative|trans)Prec(low|med|high).Traits:gemini-flash(fact/trig/cheap)gpt-4o-mini(gen/stable)deepseek(calc/logic)qwen(code/cost)gemini-pro(reason).Rules:Simple=cheap;Complex=reason;Math+Simple=flash;Math+Complex=deepseek;Code=qwen;Info=flash;Creative=4o-mini/flash;Trans=flash;HiPrec=4o-mini/deepseek.AntiBias:Vary.JSON:{"model":"name"}
User Query: Calculate the derivative of x^2 + 3x.
--- ROUTER AI PROMPT END ---
[36minfo[39m: [EnhancedRouterService] Sending prompt to Router AI {"environment":"development","service":"ai-agent-platform","systemPrompt":"Router.Select:[gemini-2.5-flash, gpt-4o-mini, deepseek-v3, qwen].Signals:Cmplx(simple|complex)Type(text|math|code|info|creative|trans)Prec(low|med|high).Traits:gemini-flash(fact/trig/cheap)gpt-4o-mini(gen/stable)deepseek(calc/logic)qwen(code/cost)gemini-pro(reason).Rules:Simple=cheap;Complex=reason;Math+Simple=flash;Math+Complex=deepseek;Code=qwen;Info=flash;Creative=4o-mini/flash;Trans=flash;HiPrec=4o-mini/deepseek.AntiBias:Vary.JSON:{\"model\":\"name\"}","timestamp":"22:52:06","userQuery":"Calculate the derivative of x^2 + 3x.","version":"1.0.0"}
[33mwarn[39m: [EnhancedRouterService] Failed to parse JSON output {"environment":"development","service":"ai-agent-platform","timestamp":"22:52:07","version":"1.0.0"}
[36minfo[39m: [EnhancedRouterService] Routing decision {"duration":603,"environment":"development","plan":"free","query":"Calculate the derivative of x^2 + 3x....","rawOutput":"","selectedModel":"gemini-2.5-flash","service":"ai-agent-platform","timestamp":"22:52:07","version":"1.0.0"}
   > Service Decision: gemini-2.5-flash
--- ROUTER AI PROMPT START ---
System Prompt: Router.Select:[gemini-2.5-flash, gpt-4o-mini, deepseek-v3, qwen].Signals:Cmplx(simple|complex)Type(text|math|code|info|creative|trans)Prec(low|med|high).Traits:gemini-flash(fact/trig/cheap)gpt-4o-mini(gen/stable)deepseek(calc/logic)qwen(code/cost)gemini-pro(reason).Rules:Simple=cheap;Complex=reason;Math+Simple=flash;Math+Complex=deepseek;Code=qwen;Info=flash;Creative=4o-mini/flash;Trans=flash;HiPrec=4o-mini/deepseek.AntiBias:Vary.JSON:{"model":"name"}
User Query: Calculate the derivative of x^2 + 3x.
--- ROUTER AI PROMPT END ---
[36minfo[39m: [EnhancedRouterService] Sending prompt to Router AI {"environment":"development","service":"ai-agent-platform","systemPrompt":"Router.Select:[gemini-2.5-flash, gpt-4o-mini, deepseek-v3, qwen].Signals:Cmplx(simple|complex)Type(text|math|code|info|creative|trans)Prec(low|med|high).Traits:gemini-flash(fact/trig/cheap)gpt-4o-mini(gen/stable)deepseek(calc/logic)qwen(code/cost)gemini-pro(reason).Rules:Simple=cheap;Complex=reason;Math+Simple=flash;Math+Complex=deepseek;Code=qwen;Info=flash;Creative=4o-mini/flash;Trans=flash;HiPrec=4o-mini/deepseek.AntiBias:Vary.JSON:{\"model\":\"name\"}","timestamp":"22:52:07","userQuery":"Calculate the derivative of x^2 + 3x.","version":"1.0.0"}
[33mwarn[39m: [EnhancedRouterService] Failed to parse JSON output {"environment":"development","service":"ai-agent-platform","timestamp":"22:52:08","version":"1.0.0"}
[36minfo[39m: [EnhancedRouterService] Routing decision {"duration":1006,"environment":"development","plan":"free","query":"Calculate the derivative of x^2 + 3x....","rawOutput":"{ \"model\": \"deepseek\"","selectedModel":"gemini-2.5-flash","service":"ai-agent-platform","timestamp":"22:52:08","version":"1.0.0"}
[36minfo[39m: ≡ƒ¢ú∩╕Å AI Router Decision: free user -> gemini-2.5-flash {"environment":"development","service":"ai-agent-platform","timestamp":"22:52:08","version":"1.0.0"}
   > Router Result: gemini-2.5-flash
   > Fallbacks: ["gpt-4o-mini"]
Γ£à PASS: Model selected

Testing Query: "What is 2 + 2?"
--- ROUTER AI PROMPT START ---
System Prompt: Router.Select:[gemini-2.5-flash, gpt-4o-mini, deepseek-v3, qwen].Signals:Cmplx(simple|complex)Type(text|math|code|info|creative|trans)Prec(low|med|high).Traits:gemini-flash(fact/trig/cheap)gpt-4o-mini(gen/stable)deepseek(calc/logic)qwen(code/cost)gemini-pro(reason).Rules:Simple=cheap;Complex=reason;Math+Simple=flash;Math+Complex=deepseek;Code=qwen;Info=flash;Creative=4o-mini/flash;Trans=flash;HiPrec=4o-mini/deepseek.AntiBias:Vary.JSON:{"model":"name"}
User Query: What is 2 + 2?
--- ROUTER AI PROMPT END ---
[36minfo[39m: [EnhancedRouterService] Sending prompt to Router AI {"environment":"development","service":"ai-agent-platform","systemPrompt":"Router.Select:[gemini-2.5-flash, gpt-4o-mini, deepseek-v3, qwen].Signals:Cmplx(simple|complex)Type(text|math|code|info|creative|trans)Prec(low|med|high).Traits:gemini-flash(fact/trig/cheap)gpt-4o-mini(gen/stable)deepseek(calc/logic)qwen(code/cost)gemini-pro(reason).Rules:Simple=cheap;Complex=reason;Math+Simple=flash;Math+Complex=deepseek;Code=qwen;Info=flash;Creative=4o-mini/flash;Trans=flash;HiPrec=4o-mini/deepseek.AntiBias:Vary.JSON:{\"model\":\"name\"}","timestamp":"22:52:08","userQuery":"What is 2 + 2?","version":"1.0.0"}
[33mwarn[39m: [EnhancedRouterService] Failed to parse JSON output {"environment":"development","service":"ai-agent-platform","timestamp":"22:52:09","version":"1.0.0"}
[36minfo[39m: [EnhancedRouterService] Routing decision {"duration":654,"environment":"development","plan":"free","query":"What is 2 + 2?...","rawOutput":"","selectedModel":"gemini-2.5-flash","service":"ai-agent-platform","timestamp":"22:52:09","version":"1.0.0"}
   > Service Decision: gemini-2.5-flash
--- ROUTER AI PROMPT START ---
System Prompt: Router.Select:[gemini-2.5-flash, gpt-4o-mini, deepseek-v3, qwen].Signals:Cmplx(simple|complex)Type(text|math|code|info|creative|trans)Prec(low|med|high).Traits:gemini-flash(fact/trig/cheap)gpt-4o-mini(gen/stable)deepseek(calc/logic)qwen(code/cost)gemini-pro(reason).Rules:Simple=cheap;Complex=reason;Math+Simple=flash;Math+Complex=deepseek;Code=qwen;Info=flash;Creative=4o-mini/flash;Trans=flash;HiPrec=4o-mini/deepseek.AntiBias:Vary.JSON:{"model":"name"}
User Query: What is 2 + 2?
--- ROUTER AI PROMPT END ---
[36minfo[39m: [EnhancedRouterService] Sending prompt to Router AI {"environment":"development","service":"ai-agent-platform","systemPrompt":"Router.Select:[gemini-2.5-flash, gpt-4o-mini, deepseek-v3, qwen].Signals:Cmplx(simple|complex)Type(text|math|code|info|creative|trans)Prec(low|med|high).Traits:gemini-flash(fact/trig/cheap)gpt-4o-mini(gen/stable)deepseek(calc/logic)qwen(code/cost)gemini-pro(reason).Rules:Simple=cheap;Complex=reason;Math+Simple=flash;Math+Complex=deepseek;Code=qwen;Info=flash;Creative=4o-mini/flash;Trans=flash;HiPrec=4o-mini/deepseek.AntiBias:Vary.JSON:{\"model\":\"name\"}","timestamp":"22:52:09","userQuery":"What is 2 + 2?","version":"1.0.0"}
[33mwarn[39m: [EnhancedRouterService] Failed to parse JSON output {"environment":"development","service":"ai-agent-platform","timestamp":"22:52:09","version":"1.0.0"}
[36minfo[39m: [EnhancedRouterService] Routing decision {"duration":706,"environment":"development","plan":"free","query":"What is 2 + 2?...","rawOutput":"","selectedModel":"gemini-2.5-flash","service":"ai-agent-platform","timestamp":"22:52:09","version":"1.0.0"}
[36minfo[39m: ≡ƒ¢ú∩╕Å AI Router Decision: free user -> gemini-2.5-flash {"environment":"development","service":"ai-agent-platform","timestamp":"22:52:09","version":"1.0.0"}
   > Router Result: gemini-2.5-flash
   > Fallbacks: ["gpt-4o-mini"]
Γ£à PASS: Model selected

Testing Query: "What is sin(30)?"
--- ROUTER AI PROMPT START ---
System Prompt: Router.Select:[gemini-2.5-flash, gpt-4o-mini, deepseek-v3, qwen].Signals:Cmplx(simple|complex)Type(text|math|code|info|creative|trans)Prec(low|med|high).Traits:gemini-flash(fact/trig/cheap)gpt-4o-mini(gen/stable)deepseek(calc/logic)qwen(code/cost)gemini-pro(reason).Rules:Simple=cheap;Complex=reason;Math+Simple=flash;Math+Complex=deepseek;Code=qwen;Info=flash;Creative=4o-mini/flash;Trans=flash;HiPrec=4o-mini/deepseek.AntiBias:Vary.JSON:{"model":"name"}
User Query: What is sin(30)?
--- ROUTER AI PROMPT END ---
[36minfo[39m: [EnhancedRouterService] Sending prompt to Router AI {"environment":"development","service":"ai-agent-platform","systemPrompt":"Router.Select:[gemini-2.5-flash, gpt-4o-mini, deepseek-v3, qwen].Signals:Cmplx(simple|complex)Type(text|math|code|info|creative|trans)Prec(low|med|high).Traits:gemini-flash(fact/trig/cheap)gpt-4o-mini(gen/stable)deepseek(calc/logic)qwen(code/cost)gemini-pro(reason).Rules:Simple=cheap;Complex=reason;Math+Simple=flash;Math+Complex=deepseek;Code=qwen;Info=flash;Creative=4o-mini/flash;Trans=flash;HiPrec=4o-mini/deepseek.AntiBias:Vary.JSON:{\"model\":\"name\"}","timestamp":"22:52:09","userQuery":"What is sin(30)?","version":"1.0.0"}
[33mwarn[39m: [EnhancedRouterService] Failed to parse JSON output {"environment":"development","service":"ai-agent-platform","timestamp":"22:52:10","version":"1.0.0"}
[36minfo[39m: [EnhancedRouterService] Routing decision {"duration":686,"environment":"development","plan":"free","query":"What is sin(30)?...","rawOutput":"{ \"model\": \"gemini-","selectedModel":"gemini-2.5-flash","service":"ai-agent-platform","timestamp":"22:52:10","version":"1.0.0"}
   > Service Decision: gemini-2.5-flash
--- ROUTER AI PROMPT START ---
System Prompt: Router.Select:[gemini-2.5-flash, gpt-4o-mini, deepseek-v3, qwen].Signals:Cmplx(simple|complex)Type(text|math|code|info|creative|trans)Prec(low|med|high).Traits:gemini-flash(fact/trig/cheap)gpt-4o-mini(gen/stable)deepseek(calc/logic)qwen(code/cost)gemini-pro(reason).Rules:Simple=cheap;Complex=reason;Math+Simple=flash;Math+Complex=deepseek;Code=qwen;Info=flash;Creative=4o-mini/flash;Trans=flash;HiPrec=4o-mini/deepseek.AntiBias:Vary.JSON:{"model":"name"}
User Query: What is sin(30)?
--- ROUTER AI PROMPT END ---
[36minfo[39m: [EnhancedRouterService] Sending prompt to Router AI {"environment":"development","service":"ai-agent-platform","systemPrompt":"Router.Select:[gemini-2.5-flash, gpt-4o-mini, deepseek-v3, qwen].Signals:Cmplx(simple|complex)Type(text|math|code|info|creative|trans)Prec(low|med|high).Traits:gemini-flash(fact/trig/cheap)gpt-4o-mini(gen/stable)deepseek(calc/logic)qwen(code/cost)gemini-pro(reason).Rules:Simple=cheap;Complex=reason;Math+Simple=flash;Math+Complex=deepseek;Code=qwen;Info=flash;Creative=4o-mini/flash;Trans=flash;HiPrec=4o-mini/deepseek.AntiBias:Vary.JSON:{\"model\":\"name\"}","timestamp":"22:52:10","userQuery":"What is sin(30)?","version":"1.0.0"}
[33mwarn[39m: [EnhancedRouterService] Failed to parse JSON output {"environment":"development","service":"ai-agent-platform","timestamp":"22:52:11","version":"1.0.0"}
[36minfo[39m: [EnhancedRouterService] Routing decision {"duration":636,"environment":"development","plan":"free","query":"What is sin(30)?...","rawOutput":"","selectedModel":"gemini-2.5-flash","service":"ai-agent-platform","timestamp":"22:52:11","version":"1.0.0"}
[36minfo[39m: ≡ƒ¢ú∩╕Å AI Router Decision: free user -> gemini-2.5-flash {"environment":"development","service":"ai-agent-platform","timestamp":"22:52:11","version":"1.0.0"}
   > Router Result: gemini-2.5-flash
   > Fallbacks: ["gpt-4o-mini"]
Γ£à PASS: Model selected

Testing Query: "Translate "Hello world" to Spanish."
--- ROUTER AI PROMPT START ---
System Prompt: Router.Select:[gemini-2.5-flash, gpt-4o-mini, deepseek-v3, qwen].Signals:Cmplx(simple|complex)Type(text|math|code|info|creative|trans)Prec(low|med|high).Traits:gemini-flash(fact/trig/cheap)gpt-4o-mini(gen/stable)deepseek(calc/logic)qwen(code/cost)gemini-pro(reason).Rules:Simple=cheap;Complex=reason;Math+Simple=flash;Math+Complex=deepseek;Code=qwen;Info=flash;Creative=4o-mini/flash;Trans=flash;HiPrec=4o-mini/deepseek.AntiBias:Vary.JSON:{"model":"name"}
User Query: Translate "Hello world" to Spanish.
--- ROUTER AI PROMPT END ---
[36minfo[39m: [EnhancedRouterService] Sending prompt to Router AI {"environment":"development","service":"ai-agent-platform","systemPrompt":"Router.Select:[gemini-2.5-flash, gpt-4o-mini, deepseek-v3, qwen].Signals:Cmplx(simple|complex)Type(text|math|code|info|creative|trans)Prec(low|med|high).Traits:gemini-flash(fact/trig/cheap)gpt-4o-mini(gen/stable)deepseek(calc/logic)qwen(code/cost)gemini-pro(reason).Rules:Simple=cheap;Complex=reason;Math+Simple=flash;Math+Complex=deepseek;Code=qwen;Info=flash;Creative=4o-mini/flash;Trans=flash;HiPrec=4o-mini/deepseek.AntiBias:Vary.JSON:{\"model\":\"name\"}","timestamp":"22:52:11","userQuery":"Translate \"Hello world\" to Spanish.","version":"1.0.0"}
[36minfo[39m: [EnhancedRouterService] Routing decision {"duration":621,"environment":"development","plan":"free","query":"Translate \"Hello world\" to Spanish....","rawOutput":"{\"model\":\"gemini-2.5-flash\"}","selectedModel":"gemini-2.5-flash","service":"ai-agent-platform","timestamp":"22:52:11","version":"1.0.0"}
   > Service Decision: gemini-2.5-flash
--- ROUTER AI PROMPT START ---
System Prompt: Router.Select:[gemini-2.5-flash, gpt-4o-mini, deepseek-v3, qwen].Signals:Cmplx(simple|complex)Type(text|math|code|info|creative|trans)Prec(low|med|high).Traits:gemini-flash(fact/trig/cheap)gpt-4o-mini(gen/stable)deepseek(calc/logic)qwen(code/cost)gemini-pro(reason).Rules:Simple=cheap;Complex=reason;Math+Simple=flash;Math+Complex=deepseek;Code=qwen;Info=flash;Creative=4o-mini/flash;Trans=flash;HiPrec=4o-mini/deepseek.AntiBias:Vary.JSON:{"model":"name"}
User Query: Translate "Hello world" to Spanish.
--- ROUTER AI PROMPT END ---
[36minfo[39m: [EnhancedRouterService] Sending prompt to Router AI {"environment":"development","service":"ai-agent-platform","systemPrompt":"Router.Select:[gemini-2.5-flash, gpt-4o-mini, deepseek-v3, qwen].Signals:Cmplx(simple|complex)Type(text|math|code|info|creative|trans)Prec(low|med|high).Traits:gemini-flash(fact/trig/cheap)gpt-4o-mini(gen/stable)deepseek(calc/logic)qwen(code/cost)gemini-pro(reason).Rules:Simple=cheap;Complex=reason;Math+Simple=flash;Math+Complex=deepseek;Code=qwen;Info=flash;Creative=4o-mini/flash;Trans=flash;HiPrec=4o-mini/deepseek.AntiBias:Vary.JSON:{\"model\":\"name\"}","timestamp":"22:52:11","userQuery":"Translate \"Hello world\" to Spanish.","version":"1.0.0"}
[36minfo[39m: [EnhancedRouterService] Routing decision {"duration":607,"environment":"development","plan":"free","query":"Translate \"Hello world\" to Spanish....","rawOutput":"{\"model\":\"gemini-2.5-flash\"}","selectedModel":"gemini-2.5-flash","service":"ai-agent-platform","timestamp":"22:52:12","version":"1.0.0"}
[36minfo[39m: ≡ƒ¢ú∩╕Å AI Router Decision: free user -> gemini-2.5-flash {"environment":"development","service":"ai-agent-platform","timestamp":"22:52:12","version":"1.0.0"}
   > Router Result: gemini-2.5-flash
   > Fallbacks: ["gpt-4o-mini"]
Γ£à PASS: Model selected

--- Verification Complete ---
